src/data/blogs/seoBlogs2.ts(4,3): error TS2739: Type '{ id: string; title: string; excerpt: string; content: string; }' is missing the following properties from type 'BlogPost': author, date, readTime, category, image
src/data/blogs/seoBlogs3.ts(4,3): error TS2739: Type '{ id: string; title: string; excerpt: string; content: string; }' is missing the following properties from type 'BlogPost': author, date, readTime, category, image
src/data/blogs/seoBlogs4.ts(4,5): error TS2739: Type '{ id: string; title: string; excerpt: string; content: string; }' is missing the following properties from type 'BlogPost': author, date, readTime, category, image
src/data/blogs/seoBlogs5.ts(4,5): error TS2739: Type '{ id: string; title: string; excerpt: string; content: string; }' is missing the following properties from type 'BlogPost': author, date, readTime, category, image
